// Jest Snapshot v1, https://goo.gl/fbAQLP

exports[`Pruebas en componente PrimeraApp debe mostror <PrimeraApp> correectamente  1`] = `
<Fragment>
  <h1>
     
    Hola soy Daniel
  </h1>
  <p>
     
    Soy un subtitulo
  </p>
</Fragment>
`;
